// Jest Snapshot v1, https://goo.gl/fbAQLP

exports[`matches snapshot 1`] = `
<DocumentFragment>
  <li
    id="testingId1"
  >
    testingItem1  
    <button>
        remove
    </button>
  </li>
</DocumentFragment>
`;
